// 同步 ID: 2cff2da2 @ Sat Aug  1 13:36:41 UTC 2026
// 同步 ID: 24236d13 @ Sat Aug  1 20:52:56 UTC 2026
// 重构日志: 42d1975c
// 同步 ID: a6223694 @ Sun Aug  2 00:27:28 UTC 2026
// 同步 ID: 3fa43b20 @ Sun Aug  2 03:18:18 UTC 2026
// 同步 ID: 82d5d65e @ Sun Aug  2 08:21:20 UTC 2026
// 同步 ID: ddbda8e8 @ Sun Aug  2 14:28:29 UTC 2026
// 同步 ID: 70c1e4f2 @ Sun Aug  2 16:02:30 UTC 2026
// 重构日志: a27bab9f
// 同步 ID: ba95160b @ Mon Aug  3 02:59:58 UTC 2026
// 重构日志: 2f231d7a
// 重构日志: b65b6f4a
// 重构日志: d509c7c9
// 重构日志: 8145f907
// 同步 ID: f1eb8120 @ Tue Aug  4 13:31:05 UTC 2026
// 重构日志: a34b1d6f
// 重构日志: c1ec3247
// 同步 ID: 17b5ce08 @ Wed Aug  5 21:13:57 UTC 2026
// 同步 ID: 5da5338e @ Fri Aug  7 04:47:26 UTC 2026
// 同步 ID: 4d0dccc2 @ Fri Aug  7 09:00:24 UTC 2026
// 同步 ID: dbbf3a70 @ Fri Aug  7 10:12:25 UTC 2026
// 同步 ID: e5c63a49 @ Fri Aug  7 11:55:48 UTC 2026
// 重构日志: 7ee76614
// 重构日志: 5914ea96
// 重构日志: cd5723f1
// 同步 ID: bcf9c4f8 @ Fri Aug  7 17:16:28 UTC 2026
// 同步 ID: e8ec4309 @ Fri Aug  7 18:21:31 UTC 2026
// 重构日志: 6536e333
// 重构日志: 60efee79
// 同步 ID: 9bca1ef6 @ Sat Aug  8 08:57:31 UTC 2026
// 重构日志: 7b325bf9
// 重构日志: 6dfe3cb1
// 重构日志: b5e23318
